no browser running (default: chrome, profile: /opt/webarena/bench/profile-multi)
start one with {"op": "browser_start"} or POST /browser/start
recording session 20260917-074637 -> /root/.local/state/aibrowsertoolkit/logs/20260917-074637/events.jsonl
capturing frames -> /root/.local/state/aibrowsertoolkit/logs/20260917-074637/shots
listening on http://127.0.0.1:8768  (POST /command-list)
log viewer at http://127.0.0.1:8768/viewer
send {"op": "shutdown"} to stop
Exception in callback SyncBase._sync.<locals>.<lambda>(<Task cancell...twork.py:569>>) at /opt/webarena/bench/venv/lib/python3.12/site-packages/playwright/_impl/_sync_base.py:111
handle: <Handle SyncBase._sync.<locals>.<lambda>(<Task cancell...twork.py:569>>) at /opt/webarena/bench/venv/lib/python3.12/site-packages/playwright/_impl/_sync_base.py:111>
Traceback (most recent call last):
  File "/usr/lib/python3.12/asyncio/events.py", line 88, in _run
    self._context.run(self._callback, *self._args)
  File "/opt/webarena/bench/venv/lib/python3.12/site-packages/playwright/_impl/_sync_base.py", line 111, in <lambda>
    task.add_done_callback(lambda _: g_self.switch())
                                     ^^^^^^^^^^^^^^^
  File "/opt/webarena/bench/venv/lib/python3.12/site-packages/playwright/_impl/_connection.py", line 430, in _listener_with_error_handler_attached
    potential_future = listener(params)
                       ^^^^^^^^^^^^^^^^
  File "/opt/webarena/bench/venv/lib/python3.12/site-packages/playwright/_impl/_browser_context.py", line 167, in <lambda>
    lambda params: self._on_response(
                   ^^^^^^^^^^^^^^^^^^
  File "/opt/webarena/bench/venv/lib/python3.12/site-packages/playwright/_impl/_browser_context.py", line 654, in _on_response
    page.emit(Page.Events.Response, response)
  File "/opt/webarena/bench/venv/lib/python3.12/site-packages/pyee/base.py", line 208, in emit
    handled = self._call_handlers(event, args, kwargs)
              ^^^^^^^^^^^^^^^^^^^^^^^^^^^^^^^^^^^^^^^^
  File "/opt/webarena/bench/venv/lib/python3.12/site-packages/pyee/base.py", line 184, in _call_handlers
    self._emit_run(f, args, kwargs)
  File "/opt/webarena/bench/venv/lib/python3.12/site-packages/pyee/asyncio.py", line 51, in _emit_run
    coro: Any = f(*args, **kwargs)
                ^^^^^^^^^^^^^^^^^^
  File "/opt/webarena/bench/venv/lib/python3.12/site-packages/playwright/_impl/_impl_to_api_mapping.py", line 123, in wrapper_func
    return handler(
           ^^^^^^^^
  File "/opt/webarena/bench/toolkit/src/abt/pwdriver.py", line 802, in on_response
    "bytes": _content_length(response),
             ^^^^^^^^^^^^^^^^^^^^^^^^^
  File "/opt/webarena/bench/toolkit/src/abt/pwdriver.py", line 1132, in _content_length
    raw = response.header_value("content-length")
          ^^^^^^^^^^^^^^^^^^^^^^^^^^^^^^^^^^^^^^^
  File "/opt/webarena/bench/venv/lib/python3.12/site-packages/playwright/sync_api/_generated.py", line 530, in header_value
    self._sync(self._impl_obj.header_value(name=name))
  File "/opt/webarena/bench/venv/lib/python3.12/site-packages/playwright/_impl/_sync_base.py", line 115, in _sync
    return task.result()
           ^^^^^^^^^^^^^
  File "/opt/webarena/bench/venv/lib/python3.12/site-packages/playwright/_impl/_network.py", line 570, in header_value
    return (await self._actual_headers()).get(name)
            ^^^^^^^^^^^^^^^^^^^^^^^^^^^^
  File "/opt/webarena/bench/venv/lib/python3.12/site-packages/playwright/_impl/_network.py", line 578, in _actual_headers
    headers = cast(HeadersArray, await self._channel.send("rawResponseHeaders"))
                                 ^^^^^^^^^^^^^^^^^^^^^^^^^^^^^^^^^^^^^^^^^^^^^^
  File "/opt/webarena/bench/venv/lib/python3.12/site-packages/playwright/_impl/_connection.py", line 59, in send
    return await self._connection.wrap_api_call(
           ^^^^^^^^^^^^^^^^^^^^^^^^^^^^^^^^^^^^^
  File "/opt/webarena/bench/venv/lib/python3.12/site-packages/playwright/_impl/_connection.py", line 512, in wrap_api_call
    return await cb()
           ^^^^^^^^^^
  File "/opt/webarena/bench/venv/lib/python3.12/site-packages/playwright/_impl/_connection.py", line 88, in inner_send
    done, _ = await asyncio.wait(
              ^^^^^^^^^^^^^^^^^^^
  File "/usr/lib/python3.12/asyncio/tasks.py", line 464, in wait
    return await _wait(fs, timeout, return_when, loop)
           ^^^^^^^^^^^^^^^^^^^^^^^^^^^^^^^^^^^^^^^^^^^
  File "/usr/lib/python3.12/asyncio/tasks.py", line 550, in _wait
    await waiter
asyncio.exceptions.CancelledError
Exception in callback SyncBase._sync.<locals>.<lambda>(<Task cancell...twork.py:569>>) at /opt/webarena/bench/venv/lib/python3.12/site-packages/playwright/_impl/_sync_base.py:111
handle: <Handle SyncBase._sync.<locals>.<lambda>(<Task cancell...twork.py:569>>) at /opt/webarena/bench/venv/lib/python3.12/site-packages/playwright/_impl/_sync_base.py:111>
Traceback (most recent call last):
  File "/usr/lib/python3.12/asyncio/events.py", line 88, in _run
    self._context.run(self._callback, *self._args)
  File "/opt/webarena/bench/venv/lib/python3.12/site-packages/playwright/_impl/_sync_base.py", line 111, in <lambda>
    task.add_done_callback(lambda _: g_self.switch())
                                     ^^^^^^^^^^^^^^^
  File "/opt/webarena/bench/venv/lib/python3.12/site-packages/playwright/_impl/_connection.py", line 430, in _listener_with_error_handler_attached
    potential_future = listener(params)
                       ^^^^^^^^^^^^^^^^
  File "/opt/webarena/bench/venv/lib/python3.12/site-packages/playwright/_impl/_browser_context.py", line 167, in <lambda>
    lambda params: self._on_response(
                   ^^^^^^^^^^^^^^^^^^
  File "/opt/webarena/bench/venv/lib/python3.12/site-packages/playwright/_impl/_browser_context.py", line 654, in _on_response
    page.emit(Page.Events.Response, response)
  File "/opt/webarena/bench/venv/lib/python3.12/site-packages/pyee/base.py", line 208, in emit
    handled = self._call_handlers(event, args, kwargs)
              ^^^^^^^^^^^^^^^^^^^^^^^^^^^^^^^^^^^^^^^^
  File "/opt/webarena/bench/venv/lib/python3.12/site-packages/pyee/base.py", line 184, in _call_handlers
    self._emit_run(f, args, kwargs)
  File "/opt/webarena/bench/venv/lib/python3.12/site-packages/pyee/asyncio.py", line 51, in _emit_run
    coro: Any = f(*args, **kwargs)
                ^^^^^^^^^^^^^^^^^^
  File "/opt/webarena/bench/venv/lib/python3.12/site-packages/playwright/_impl/_impl_to_api_mapping.py", line 123, in wrapper_func
    return handler(
           ^^^^^^^^
  File "/opt/webarena/bench/toolkit/src/abt/pwdriver.py", line 802, in on_response
    "bytes": _content_length(response),
             ^^^^^^^^^^^^^^^^^^^^^^^^^
  File "/opt/webarena/bench/toolkit/src/abt/pwdriver.py", line 1132, in _content_length
    raw = response.header_value("content-length")
          ^^^^^^^^^^^^^^^^^^^^^^^^^^^^^^^^^^^^^^^
  File "/opt/webarena/bench/venv/lib/python3.12/site-packages/playwright/sync_api/_generated.py", line 530, in header_value
    self._sync(self._impl_obj.header_value(name=name))
  File "/opt/webarena/bench/venv/lib/python3.12/site-packages/playwright/_impl/_sync_base.py", line 115, in _sync
    return task.result()
           ^^^^^^^^^^^^^
  File "/opt/webarena/bench/venv/lib/python3.12/site-packages/playwright/_impl/_network.py", line 570, in header_value
    return (await self._actual_headers()).get(name)
            ^^^^^^^^^^^^^^^^^^^^^^^^^^^^
  File "/opt/webarena/bench/venv/lib/python3.12/site-packages/playwright/_impl/_network.py", line 578, in _actual_headers
    headers = cast(HeadersArray, await self._channel.send("rawResponseHeaders"))
                                 ^^^^^^^^^^^^^^^^^^^^^^^^^^^^^^^^^^^^^^^^^^^^^^
  File "/opt/webarena/bench/venv/lib/python3.12/site-packages/playwright/_impl/_connection.py", line 59, in send
    return await self._connection.wrap_api_call(
           ^^^^^^^^^^^^^^^^^^^^^^^^^^^^^^^^^^^^^
  File "/opt/webarena/bench/venv/lib/python3.12/site-packages/playwright/_impl/_connection.py", line 512, in wrap_api_call
    return await cb()
           ^^^^^^^^^^
  File "/opt/webarena/bench/venv/lib/python3.12/site-packages/playwright/_impl/_connection.py", line 88, in inner_send
    done, _ = await asyncio.wait(
              ^^^^^^^^^^^^^^^^^^^
  File "/usr/lib/python3.12/asyncio/tasks.py", line 464, in wait
    return await _wait(fs, timeout, return_when, loop)
           ^^^^^^^^^^^^^^^^^^^^^^^^^^^^^^^^^^^^^^^^^^^
  File "/usr/lib/python3.12/asyncio/tasks.py", line 550, in _wait
    await waiter
asyncio.exceptions.CancelledError
Future exception was never retrieved
future: <Future finished exception=TargetClosedError('Target page, context or browser has been closed')>
playwright._impl._errors.TargetClosedError: Target page, context or browser has been closed
Future exception was never retrieved
future: <Future finished exception=TargetClosedError('Target page, context or browser has been closed')>
playwright._impl._errors.TargetClosedError: Target page, context or browser has been closed
Exception in callback SyncBase._sync.<locals>.<lambda>(<Task cancell...twork.py:569>>) at /opt/webarena/bench/venv/lib/python3.12/site-packages/playwright/_impl/_sync_base.py:111
handle: <Handle SyncBase._sync.<locals>.<lambda>(<Task cancell...twork.py:569>>) at /opt/webarena/bench/venv/lib/python3.12/site-packages/playwright/_impl/_sync_base.py:111>
Traceback (most recent call last):
  File "/usr/lib/python3.12/asyncio/events.py", line 88, in _run
    self._context.run(self._callback, *self._args)
  File "/opt/webarena/bench/venv/lib/python3.12/site-packages/playwright/_impl/_sync_base.py", line 111, in <lambda>
    task.add_done_callback(lambda _: g_self.switch())
                                     ^^^^^^^^^^^^^^^
  File "/opt/webarena/bench/venv/lib/python3.12/site-packages/playwright/_impl/_connection.py", line 430, in _listener_with_error_handler_attached
    potential_future = listener(params)
                       ^^^^^^^^^^^^^^^^
  File "/opt/webarena/bench/venv/lib/python3.12/site-packages/playwright/_impl/_browser_context.py", line 167, in <lambda>
    lambda params: self._on_response(
                   ^^^^^^^^^^^^^^^^^^
  File "/opt/webarena/bench/venv/lib/python3.12/site-packages/playwright/_impl/_browser_context.py", line 654, in _on_response
    page.emit(Page.Events.Response, response)
  File "/opt/webarena/bench/venv/lib/python3.12/site-packages/pyee/base.py", line 208, in emit
    handled = self._call_handlers(event, args, kwargs)
              ^^^^^^^^^^^^^^^^^^^^^^^^^^^^^^^^^^^^^^^^
  File "/opt/webarena/bench/venv/lib/python3.12/site-packages/pyee/base.py", line 184, in _call_handlers
    self._emit_run(f, args, kwargs)
  File "/opt/webarena/bench/venv/lib/python3.12/site-packages/pyee/asyncio.py", line 51, in _emit_run
    coro: Any = f(*args, **kwargs)
                ^^^^^^^^^^^^^^^^^^
  File "/opt/webarena/bench/venv/lib/python3.12/site-packages/playwright/_impl/_impl_to_api_mapping.py", line 123, in wrapper_func
    return handler(
           ^^^^^^^^
  File "/opt/webarena/bench/toolkit/src/abt/pwdriver.py", line 802, in on_response
    "bytes": _content_length(response),
             ^^^^^^^^^^^^^^^^^^^^^^^^^
  File "/opt/webarena/bench/toolkit/src/abt/pwdriver.py", line 1132, in _content_length
    raw = response.header_value("content-length")
          ^^^^^^^^^^^^^^^^^^^^^^^^^^^^^^^^^^^^^^^
  File "/opt/webarena/bench/venv/lib/python3.12/site-packages/playwright/sync_api/_generated.py", line 530, in header_value
    self._sync(self._impl_obj.header_value(name=name))
  File "/opt/webarena/bench/venv/lib/python3.12/site-packages/playwright/_impl/_sync_base.py", line 115, in _sync
    return task.result()
           ^^^^^^^^^^^^^
  File "/opt/webarena/bench/venv/lib/python3.12/site-packages/playwright/_impl/_network.py", line 570, in header_value
    return (await self._actual_headers()).get(name)
            ^^^^^^^^^^^^^^^^^^^^^^^^^^^^
  File "/opt/webarena/bench/venv/lib/python3.12/site-packages/playwright/_impl/_network.py", line 578, in _actual_headers
    headers = cast(HeadersArray, await self._channel.send("rawResponseHeaders"))
                                 ^^^^^^^^^^^^^^^^^^^^^^^^^^^^^^^^^^^^^^^^^^^^^^
  File "/opt/webarena/bench/venv/lib/python3.12/site-packages/playwright/_impl/_connection.py", line 59, in send
    return await self._connection.wrap_api_call(
           ^^^^^^^^^^^^^^^^^^^^^^^^^^^^^^^^^^^^^
  File "/opt/webarena/bench/venv/lib/python3.12/site-packages/playwright/_impl/_connection.py", line 512, in wrap_api_call
    return await cb()
           ^^^^^^^^^^
  File "/opt/webarena/bench/venv/lib/python3.12/site-packages/playwright/_impl/_connection.py", line 88, in inner_send
    done, _ = await asyncio.wait(
              ^^^^^^^^^^^^^^^^^^^
  File "/usr/lib/python3.12/asyncio/tasks.py", line 464, in wait
    return await _wait(fs, timeout, return_when, loop)
           ^^^^^^^^^^^^^^^^^^^^^^^^^^^^^^^^^^^^^^^^^^^
  File "/usr/lib/python3.12/asyncio/tasks.py", line 550, in _wait
    await waiter
asyncio.exceptions.CancelledError
Exception in callback SyncBase._sync.<locals>.<lambda>(<Task cancell...twork.py:569>>) at /opt/webarena/bench/venv/lib/python3.12/site-packages/playwright/_impl/_sync_base.py:111
handle: <Handle SyncBase._sync.<locals>.<lambda>(<Task cancell...twork.py:569>>) at /opt/webarena/bench/venv/lib/python3.12/site-packages/playwright/_impl/_sync_base.py:111>
Traceback (most recent call last):
  File "/usr/lib/python3.12/asyncio/events.py", line 88, in _run
    self._context.run(self._callback, *self._args)
  File "/opt/webarena/bench/venv/lib/python3.12/site-packages/playwright/_impl/_sync_base.py", line 111, in <lambda>
    task.add_done_callback(lambda _: g_self.switch())
                                     ^^^^^^^^^^^^^^^
  File "/opt/webarena/bench/venv/lib/python3.12/site-packages/playwright/_impl/_connection.py", line 430, in _listener_with_error_handler_attached
    potential_future = listener(params)
                       ^^^^^^^^^^^^^^^^
  File "/opt/webarena/bench/venv/lib/python3.12/site-packages/playwright/_impl/_browser_context.py", line 167, in <lambda>
    lambda params: self._on_response(
                   ^^^^^^^^^^^^^^^^^^
  File "/opt/webarena/bench/venv/lib/python3.12/site-packages/playwright/_impl/_browser_context.py", line 654, in _on_response
    page.emit(Page.Events.Response, response)
  File "/opt/webarena/bench/venv/lib/python3.12/site-packages/pyee/base.py", line 208, in emit
    handled = self._call_handlers(event, args, kwargs)
              ^^^^^^^^^^^^^^^^^^^^^^^^^^^^^^^^^^^^^^^^
  File "/opt/webarena/bench/venv/lib/python3.12/site-packages/pyee/base.py", line 184, in _call_handlers
    self._emit_run(f, args, kwargs)
  File "/opt/webarena/bench/venv/lib/python3.12/site-packages/pyee/asyncio.py", line 51, in _emit_run
    coro: Any = f(*args, **kwargs)
                ^^^^^^^^^^^^^^^^^^
  File "/opt/webarena/bench/venv/lib/python3.12/site-packages/playwright/_impl/_impl_to_api_mapping.py", line 123, in wrapper_func
    return handler(
           ^^^^^^^^
  File "/opt/webarena/bench/toolkit/src/abt/pwdriver.py", line 802, in on_response
    "bytes": _content_length(response),
             ^^^^^^^^^^^^^^^^^^^^^^^^^
  File "/opt/webarena/bench/toolkit/src/abt/pwdriver.py", line 1132, in _content_length
    raw = response.header_value("content-length")
          ^^^^^^^^^^^^^^^^^^^^^^^^^^^^^^^^^^^^^^^
  File "/opt/webarena/bench/venv/lib/python3.12/site-packages/playwright/sync_api/_generated.py", line 530, in header_value
    self._sync(self._impl_obj.header_value(name=name))
  File "/opt/webarena/bench/venv/lib/python3.12/site-packages/playwright/_impl/_sync_base.py", line 115, in _sync
    return task.result()
           ^^^^^^^^^^^^^
  File "/opt/webarena/bench/venv/lib/python3.12/site-packages/playwright/_impl/_network.py", line 570, in header_value
    return (await self._actual_headers()).get(name)
            ^^^^^^^^^^^^^^^^^^^^^^^^^^^^
  File "/opt/webarena/bench/venv/lib/python3.12/site-packages/playwright/_impl/_network.py", line 578, in _actual_headers
    headers = cast(HeadersArray, await self._channel.send("rawResponseHeaders"))
                                 ^^^^^^^^^^^^^^^^^^^^^^^^^^^^^^^^^^^^^^^^^^^^^^
  File "/opt/webarena/bench/venv/lib/python3.12/site-packages/playwright/_impl/_connection.py", line 59, in send
    return await self._connection.wrap_api_call(
           ^^^^^^^^^^^^^^^^^^^^^^^^^^^^^^^^^^^^^
  File "/opt/webarena/bench/venv/lib/python3.12/site-packages/playwright/_impl/_connection.py", line 512, in wrap_api_call
    return await cb()
           ^^^^^^^^^^
  File "/opt/webarena/bench/venv/lib/python3.12/site-packages/playwright/_impl/_connection.py", line 88, in inner_send
    done, _ = await asyncio.wait(
              ^^^^^^^^^^^^^^^^^^^
  File "/usr/lib/python3.12/asyncio/tasks.py", line 464, in wait
    return await _wait(fs, timeout, return_when, loop)
           ^^^^^^^^^^^^^^^^^^^^^^^^^^^^^^^^^^^^^^^^^^^
  File "/usr/lib/python3.12/asyncio/tasks.py", line 550, in _wait
    await waiter
asyncio.exceptions.CancelledError
Future exception was never retrieved
future: <Future finished exception=TargetClosedError('Target page, context or browser has been closed')>
playwright._impl._errors.TargetClosedError: Target page, context or browser has been closed
Future exception was never retrieved
future: <Future finished exception=TargetClosedError('Target page, context or browser has been closed')>
playwright._impl._errors.TargetClosedError: Target page, context or browser has been closed
