0 recorded, 180 to run
[1/180] task webarena.102 ...
    ok  ops=21 turns=8 tok=198738 341.3s
[2/180] task webarena.103 ...
    PASS  ops=54 turns=11 tok=240149 348.1s
[3/180] task webarena.104 ...
    ok  ops=11 turns=6 tok=97514 219.8s
[4/180] task webarena.105 ...
    PASS  ops=30 turns=10 tok=241050 281.1s
[5/180] task webarena.106 ...
    ok  ops=11 turns=5 tok=86253 201.0s
[6/180] task webarena.132 ...
    PASS  ops=9 turns=5 tok=118359 102.3s
[7/180] task webarena.133 ...
    PASS  ops=24 turns=6 tok=110736 127.0s
[8/180] task webarena.134 ...
    PASS  ops=35 turns=10 tok=212927 408.9s
[9/180] task webarena.135 ...
    PASS  ops=3 turns=3 tok=62568 107.5s
[10/180] task webarena.136 ...
    ok  ops=21 turns=6 tok=113643 437.4s
[11/180] task webarena.156 ...
    PASS  ops=16 turns=4 tok=61709 99.0s
[12/180] task webarena.168 ...
    PASS  ops=5 turns=6 tok=108768 77.7s
[13/180] task webarena.169 ...
    PASS  ops=11 turns=7 tok=170749 127.4s
[14/180] task webarena.170 ...
    ok  ops=41 turns=9 tok=178763 656.4s
[15/180] task webarena.171 ...
    ok  ops=15 turns=8 tok=160714 82.3s
[16/180] task webarena.172 ...
    ok  ops=13 turns=8 tok=209259 300.4s
[17/180] task webarena.173 ...
    ok  ops=27 turns=5 tok=93187 392.9s
[18/180] task webarena.174 ...
    ok  ops=6 turns=4 tok=71307 75.4s
[19/180] task webarena.175 ...
    ok  ops=14 turns=5 tok=130574 118.6s
[20/180] task webarena.176 ...
    ok  ops=6 turns=4 tok=73714 47.8s
[21/180] task webarena.177 ...
    ok  ops=24 turns=8 tok=194005 112.1s
[22/180] task webarena.178 ...
    ok  ops=19 turns=6 tok=142703 149.8s
[23/180] task webarena.179 ...
    ok  ops=16 turns=7 tok=185280 163.8s
[24/180] task webarena.180 ...
    ok  ops=10 turns=9 tok=213181 113.8s
[25/180] task webarena.181 ...
    ok  ops=10 turns=7 tok=141082 116.8s
[26/180] task webarena.182 ...
    PASS  ops=29 turns=8 tok=200063 118.9s
[27/180] task webarena.205 ...
    PASS  ops=7 turns=3 tok=58386 62.5s
[28/180] task webarena.206 ...
    PASS  ops=4 turns=3 tok=71611 49.9s
[29/180] task webarena.207 ...
    harness_error  ops=None turns=None tok=None 223.7s
[30/180] task webarena.258 ...
    PASS  ops=20 turns=9 tok=183685 122.9s
[31/180] task webarena.259 ...
    PASS  ops=10 turns=7 tok=124452 62.7s
[32/180] task webarena.293 ...
    ok  ops=17 turns=8 tok=171449 85.5s
[33/180] task webarena.294 ...
    ok  ops=22 turns=9 tok=186885 133.5s
[34/180] task webarena.295 ...
    ok  ops=17 turns=8 tok=167838 94.9s
[35/180] task webarena.296 ...
    ok  ops=14 turns=5 tok=126105 70.3s
[36/180] task webarena.297 ...
    ok  ops=8 turns=5 tok=78449 58.8s
[37/180] task webarena.303 ...
    PASS  ops=27 turns=10 tok=241046 102.2s
[38/180] task webarena.304 ...
    PASS  ops=13 turns=8 tok=212877 105.7s
[39/180] task webarena.305 ...
    harness_error  ops=None turns=None tok=None 840.5s
[40/180] task webarena.306 ...
    harness_error  ops=None turns=None tok=None 872.9s
[41/180] task webarena.307 ...
    ok  ops=29 turns=13 tok=522111 189.7s
[42/180] task webarena.308 ...
    PASS  ops=10 turns=6 tok=121312 96.0s
[43/180] task webarena.309 ...
    PASS  ops=25 turns=8 tok=147181 217.1s
[44/180] task webarena.310 ...
40 recorded, 140 to run
[1/140] task webarena.207 ...
    PASS  ops=34 turns=7 tok=186487 216.5s
[2/140] task webarena.305 ...
    PASS  ops=25 turns=7 tok=156417 168.4s
[3/140] task webarena.306 ...
    PASS  ops=36 turns=11 tok=388705 165.2s
[4/140] task webarena.310 ...
    PASS  ops=15 turns=6 tok=104458 116.5s
[5/140] task webarena.311 ...
    PASS  ops=18 turns=9 tok=174987 105.5s
[6/140] task webarena.312 ...
    PASS  ops=15 turns=6 tok=172357 81.7s
[7/140] task webarena.314 ...
    PASS  ops=16 turns=8 tok=165946 258.3s
[8/140] task webarena.315 ...
    PASS  ops=19 turns=7 tok=157506 68.9s
[9/140] task webarena.316 ...
    PASS  ops=15 turns=5 tok=117048 82.5s
[10/140] task webarena.317 ...
    ok  ops=13 turns=6 tok=155506 58.7s
[11/140] task webarena.318 ...
    PASS  ops=23 turns=8 tok=153228 75.7s
[12/140] task webarena.339 ...
    PASS  ops=9 turns=4 tok=82766 53.8s
[13/140] task webarena.340 ...
    ok  ops=19 turns=6 tok=127953 82.5s
[14/140] task webarena.341 ...
    PASS  ops=33 turns=10 tok=265434 115.1s
[15/140] task webarena.342 ...
    PASS  ops=30 turns=10 tok=259691 134.0s
[16/140] task webarena.343 ...
    PASS  ops=24 turns=7 tok=159716 94.4s
[17/140] task webarena.349 ...
    ok  ops=6 turns=5 tok=75836 97.4s
[18/140] task webarena.350 ...
    PASS  ops=26 turns=9 tok=147102 81.0s
[19/140] task webarena.357 ...
    PASS  ops=11 turns=3 tok=56956 47.0s
[20/140] task webarena.389 ...
    PASS  ops=11 turns=5 tok=107978 56.7s
[21/140] task webarena.390 ...
    PASS  ops=13 turns=5 tok=107753 55.4s
[22/140] task webarena.391 ...
    PASS  ops=18 turns=5 tok=110621 75.6s
[23/140] task webarena.392 ...
    PASS  ops=8 turns=5 tok=105727 58.9s
[24/140] task webarena.393 ...
    PASS  ops=12 turns=6 tok=111127 100.0s
[25/140] task webarena.394 ...
    PASS  ops=22 turns=10 tok=192817 108.4s
[26/140] task webarena.395 ...
    PASS  ops=30 turns=10 tok=349994 105.6s
[27/140] task webarena.396 ...
    PASS  ops=31 turns=11 tok=257062 90.2s
[28/140] task webarena.397 ...
    PASS  ops=43 turns=12 tok=231923 226.3s
[29/140] task webarena.398 ...
    PASS  ops=85 turns=23 tok=700872 403.3s
[30/140] task webarena.411 ...
    ok  ops=34 turns=14 tok=331678 225.1s
[31/140] task webarena.412 ...
    PASS  ops=42 turns=12 tok=374421 223.4s
[32/140] task webarena.413 ...
    PASS  ops=19 turns=10 tok=297233 214.1s
[33/140] task webarena.414 ...
    ok  ops=9 turns=7 tok=181349 95.0s
[34/140] task webarena.415 ...
    PASS  ops=20 turns=5 tok=107434 141.6s
[35/140] task webarena.416 ...
    PASS  ops=11 turns=9 tok=249542 123.9s
[36/140] task webarena.417 ...
    PASS  ops=29 turns=12 tok=350090 123.7s
[37/140] task webarena.418 ...
    ok  ops=19 turns=11 tok=208183 143.8s
[38/140] task webarena.419 ...
    PASS  ops=19 turns=6 tok=122336 114.3s
[39/140] task webarena.420 ...
    PASS  ops=18 turns=8 tok=172381 126.7s
[40/140] task webarena.421 ...
    PASS  ops=14 turns=6 tok=101029 98.0s
[41/140] task webarena.422 ...
    PASS  ops=19 turns=7 tok=98048 87.9s
[42/140] task webarena.44 ...
    PASS  ops=13 turns=7 tok=130239 66.0s
[43/140] task webarena.441 ...
    ok  ops=23 turns=4 tok=68021 151.5s
[44/140] task webarena.442 ...
    PASS  ops=61 turns=16 tok=412646 218.8s
[45/140] task webarena.443 ...
    PASS  ops=49 turns=16 tok=425625 342.3s
[46/140] task webarena.444 ...
    PASS  ops=57 turns=10 tok=193567 355.1s
[47/140] task webarena.445 ...
    PASS  ops=116 turns=13 tok=320185 257.4s
[48/140] task webarena.446 ...
    PASS  ops=28 turns=12 tok=288715 121.4s
[49/140] task webarena.447 ...
    PASS  ops=15 turns=9 tok=223822 85.2s
[50/140] task webarena.448 ...
    PASS  ops=9 turns=3 tok=41235 50.8s
[51/140] task webarena.449 ...
    PASS  ops=21 turns=10 tok=159460 93.0s
[52/140] task webarena.45 ...
    ok  ops=25 turns=5 tok=139693 80.5s
[53/140] task webarena.450 ...
    PASS  ops=33 turns=5 tok=80840 160.5s
[54/140] task webarena.451 ...
    PASS  ops=7 turns=5 tok=75136 80.0s
[55/140] task webarena.452 ...
    PASS  ops=4 turns=3 tok=40092 48.9s
[56/140] task webarena.46 ...
    PASS  ops=5 turns=5 tok=103458 69.3s
[57/140] task webarena.475 ...
    PASS  ops=16 turns=8 tok=166995 87.2s
[58/140] task webarena.476 ...
    PASS  ops=40 turns=10 tok=219206 141.3s
[59/140] task webarena.477 ...
    PASS  ops=24 turns=9 tok=188359 96.5s
[60/140] task webarena.478 ...
    PASS  ops=25 turns=10 tok=214759 124.2s
[61/140] task webarena.479 ...
    PASS  ops=41 turns=18 tok=400143 234.5s
[62/140] task webarena.480 ...
    PASS  ops=18 turns=12 tok=244911 108.1s
[63/140] task webarena.481 ...
    ok  ops=24 turns=12 tok=253979 129.8s
[64/140] task webarena.482 ...
    ok  ops=17 turns=12 tok=229362 152.3s
[65/140] task webarena.483 ...
    ok  ops=30 turns=12 tok=252684 115.4s
[66/140] task webarena.484 ...
    ok  ops=18 turns=12 tok=256304 104.0s
[67/140] task webarena.485 ...
    ok  ops=27 turns=12 tok=242116 141.1s
[68/140] task webarena.522 ...
    ok  ops=30 turns=14 tok=303420 107.8s
[69/140] task webarena.523 ...
    PASS  ops=36 turns=12 tok=376742 142.6s
[70/140] task webarena.524 ...
    PASS  ops=22 turns=10 tok=329765 191.7s
[71/140] task webarena.525 ...
    PASS  ops=21 turns=6 tok=155783 275.7s
[72/140] task webarena.526 ...
    PASS  ops=12 turns=10 tok=374597 113.6s
[73/140] task webarena.527 ...
    PASS  ops=11 turns=7 tok=201210 180.8s
[74/140] task webarena.533 ...
    PASS  ops=8 turns=5 tok=99664 107.1s
[75/140] task webarena.534 ...
    PASS  ops=17 turns=13 tok=250475 142.0s
[76/140] task webarena.535 ...
    PASS  ops=18 turns=15 tok=337554 196.6s
[77/140] task webarena.536 ...
    PASS  ops=27 turns=17 tok=461994 254.2s
[78/140] task webarena.537 ...
    PASS  ops=7 turns=8 tok=150424 102.5s
[79/140] task webarena.567 ...
    PASS  ops=21 turns=18 tok=434713 249.1s
[80/140] task webarena.568 ...
    PASS  ops=13 turns=12 tok=236252 94.0s
[81/140] task webarena.569 ...
    PASS  ops=17 turns=13 tok=285033 158.5s
[82/140] task webarena.570 ...
    PASS  ops=25 turns=19 tok=418137 158.7s
[83/140] task webarena.576 ...
    PASS  ops=17 turns=12 tok=259489 103.1s
[84/140] task webarena.577 ...
    PASS  ops=20 turns=15 tok=354731 174.6s
[85/140] task webarena.578 ...
    PASS  ops=23 turns=20 tok=411979 197.7s
[86/140] task webarena.579 ...
    PASS  ops=20 turns=17 tok=490083 128.2s
[87/140] task webarena.590 ...
    ok  ops=9 turns=7 tok=130388 67.3s
[88/140] task webarena.591 ...
    ok  ops=7 turns=5 tok=74729 65.6s
[89/140] task webarena.592 ...
    ok  ops=7 turns=5 tok=72034 97.4s
[90/140] task webarena.593 ...
    PASS  ops=9 turns=7 tok=183867 200.2s
[91/140] task webarena.594 ...
    PASS  ops=8 turns=5 tok=124832 171.5s
[92/140] task webarena.658 ...
    ok  ops=9 turns=6 tok=123100 169.2s
[93/140] task webarena.659 ...
    ok  ops=19 turns=15 tok=321075 133.3s
[94/140] task webarena.660 ...
    ok  ops=21 turns=13 tok=319899 162.6s
[95/140] task webarena.661 ...
    ok  ops=6 turns=4 tok=74332 125.0s
[96/140] task webarena.662 ...
    PASS  ops=10 turns=7 tok=138477 94.2s
[97/140] task webarena.663 ...
    ok  ops=7 turns=4 tok=75697 80.5s
[98/140] task webarena.664 ...
    PASS  ops=10 turns=8 tok=176259 162.1s
[99/140] task webarena.665 ...
    PASS  ops=7 turns=4 tok=76413 95.0s
[100/140] task webarena.666 ...
    ok  ops=10 turns=10 tok=211052 166.5s
[101/140] task webarena.667 ...
    PASS  ops=5 turns=6 tok=101331 82.0s
[102/140] task webarena.668 ...
    ok  ops=11 turns=11 tok=223875 130.6s
[103/140] task webarena.669 ...
    PASS  ops=8 turns=5 tok=84850 201.3s
[104/140] task webarena.670 ...
    PASS  ops=8 turns=5 tok=70191 86.5s
[105/140] task webarena.736 ...
    ok  ops=9 turns=8 tok=204571 113.6s
[106/140] task webarena.742 ...
    PASS  ops=29 turns=19 tok=520665 177.9s
[107/140] task webarena.743 ...
    PASS  ops=21 turns=18 tok=466339 161.1s
[108/140] task webarena.744 ...
    PASS  ops=21 turns=14 tok=361500 247.7s
[109/140] task webarena.745 ...
    PASS  ops=27 turns=19 tok=584251 175.8s
[110/140] task webarena.746 ...
    PASS  ops=27 turns=21 tok=558405 215.7s
[111/140] task webarena.747 ...
    PASS  ops=26 turns=19 tok=488380 237.0s
[112/140] task webarena.748 ...
    PASS  ops=33 turns=25 tok=694555 221.2s
[113/140] task webarena.749 ...
    PASS  ops=27 turns=20 tok=505759 224.5s
[114/140] task webarena.750 ...
    PASS  ops=25 turns=16 tok=444169 258.2s
[115/140] task webarena.751 ...
    PASS  ops=21 turns=17 tok=418899 167.4s
[116/140] task webarena.752 ...
    PASS  ops=16 turns=11 tok=247665 569.2s
[117/140] task webarena.753 ...
    PASS  ops=12 turns=9 tok=202365 146.2s
[118/140] task webarena.754 ...
    PASS  ops=14 turns=11 tok=240691 168.5s
[119/140] task webarena.755 ...
    PASS  ops=15 turns=9 tok=228699 618.1s
[120/140] task webarena.756 ...
    PASS  ops=16 turns=8 tok=196884 388.9s
[121/140] task webarena.783 ...
    PASS  ops=9 turns=6 tok=158411 119.5s
[122/140] task webarena.784 ...
    ok  ops=5 turns=6 tok=129268 113.1s
[123/140] task webarena.785 ...
    PASS  ops=4 turns=4 tok=92219 87.3s
[124/140] task webarena.786 ...
    ok  ops=2 turns=3 tok=85764 116.6s
[125/140] task webarena.787 ...
    PASS  ops=4 turns=5 tok=75178 97.3s
[126/140] task webarena.788 ...
    PASS  ops=6 turns=7 tok=157334 130.7s
[127/140] task webarena.789 ...
    PASS  ops=11 turns=8 tok=210856 65.4s
[128/140] task webarena.799 ...
    PASS  ops=38 turns=27 tok=622897 219.4s
[129/140] task webarena.800 ...
    PASS  ops=34 turns=23 tok=670386 243.0s
[130/140] task webarena.801 ...
    PASS  ops=32 turns=17 tok=369946 196.7s
[131/140] task webarena.802 ...
    PASS  ops=37 turns=19 tok=440286 248.4s
[132/140] task webarena.803 ...
    PASS  ops=47 turns=20 tok=492272 175.2s
[133/140] task webarena.804 ...
    ok  ops=55 turns=17 tok=527110 623.2s
[134/140] task webarena.805 ...
    ok  ops=12 turns=8 tok=176364 125.1s
[135/140] task webarena.806 ...
    PASS  ops=14 turns=9 tok=248280 154.0s
[136/140] task webarena.807 ...
    PASS  ops=10 turns=11 tok=320338 154.4s
[137/140] task webarena.808 ...
    PASS  ops=14 turns=10 tok=225836 197.9s
[138/140] task webarena.809 ...
    PASS  ops=13 turns=8 tok=169267 146.3s
[139/140] task webarena.810 ...
    ok  ops=10 turns=9 tok=215263 130.9s
[140/140] task webarena.811 ...
    ok  ops=8 turns=9 tok=217984 182.7s
