0 recorded, 106 to run
[1/106] task webarena.27 ...
    PASS  ops=38 turns=9 tok=188018 413.1s
[2/106] task webarena.28 ...
    ok  ops=23 turns=12 tok=386256 206.2s
[3/106] task webarena.29 ...
    PASS  ops=27 turns=8 tok=200620 294.5s
[4/106] task webarena.30 ...
    PASS  ops=19 turns=8 tok=155402 238.5s
[5/106] task webarena.31 ...
    PASS  ops=40 turns=11 tok=241655 384.9s
[6/106] task webarena.399 ...
    PASS  ops=6 turns=4 tok=57035 46.2s
[7/106] task webarena.400 ...
    PASS  ops=21 turns=6 tok=84190 168.4s
[8/106] task webarena.401 ...
    PASS  ops=9 turns=6 tok=80635 205.8s
[9/106] task webarena.402 ...
    PASS  ops=21 turns=6 tok=77807 228.4s
[10/106] task webarena.403 ...
    PASS  ops=16 turns=9 tok=146967 415.0s
[11/106] task webarena.404 ...
    PASS  ops=45 turns=9 tok=212775 321.7s
[12/106] task webarena.405 ...
    PASS  ops=9 turns=10 tok=170991 96.4s
[13/106] task webarena.406 ...
    PASS  ops=21 turns=9 tok=207964 531.4s
[14/106] task webarena.407 ...
    ok  ops=34 turns=8 tok=158615 506.1s
[15/106] task webarena.408 ...
    ok  ops=16 turns=8 tok=180267 253.6s
[16/106] task webarena.409 ...
    PASS  ops=15 turns=4 tok=97773 149.2s
[17/106] task webarena.410 ...
    PASS  ops=10 turns=4 tok=105284 85.1s
[18/106] task webarena.580 ...
    PASS  ops=21 turns=4 tok=52264 81.3s
[19/106] task webarena.581 ...
    PASS  ops=22 turns=5 tok=70634 172.3s
[20/106] task webarena.582 ...
    PASS  ops=48 turns=10 tok=160541 417.2s
[21/106] task webarena.583 ...
    PASS  ops=22 turns=10 tok=179192 113.6s
[22/106] task webarena.584 ...
    ok  ops=28 turns=7 tok=107859 161.2s
[23/106] task webarena.595 ...
    PASS  ops=12 turns=6 tok=139657 84.4s
[24/106] task webarena.596 ...
    PASS  ops=22 turns=10 tok=175019 148.1s
[25/106] task webarena.597 ...
    PASS  ops=12 turns=6 tok=142662 86.7s
[26/106] task webarena.598 ...
    PASS  ops=24 turns=6 tok=171237 112.5s
[27/106] task webarena.599 ...
    PASS  ops=23 turns=7 tok=182907 149.1s
[28/106] task webarena.600 ...
    PASS  ops=39 turns=8 tok=174924 184.7s
[29/106] task webarena.601 ...
    PASS  ops=29 turns=6 tok=135437 131.0s
[30/106] task webarena.602 ...
    PASS  ops=27 turns=6 tok=127624 256.6s
[31/106] task webarena.603 ...
    PASS  ops=10 turns=6 tok=155887 135.4s
[32/106] task webarena.604 ...
    PASS  ops=9 turns=8 tok=156849 121.7s
[33/106] task webarena.605 ...
    PASS  ops=7 turns=6 tok=96326 113.0s
[34/106] task webarena.606 ...
    PASS  ops=12 turns=7 tok=182038 184.3s
[35/106] task webarena.607 ...
    PASS  ops=7 turns=4 tok=64431 129.4s
[36/106] task webarena.608 ...
    PASS  ops=20 turns=10 tok=186750 130.7s
[37/106] task webarena.609 ...
    harness_error  ops=None turns=None tok=None 35.4s
[38/106] task webarena.610 ...
    PASS  ops=8 turns=6 tok=116002 110.2s
[39/106] task webarena.611 ...
    PASS  ops=15 turns=10 tok=358531 196.5s
[40/106] task webarena.612 ...
    PASS  ops=8 turns=6 tok=215354 126.6s
[41/106] task webarena.613 ...
    PASS  ops=15 turns=11 tok=238397 211.4s
[42/106] task webarena.614 ...
    PASS  ops=29 turns=9 tok=377632 159.1s
[43/106] task webarena.615 ...
    ok  ops=36 turns=11 tok=408932 282.4s
[44/106] task webarena.616 ...
42 recorded, 64 to run
[1/64] task webarena.609 ...
    PASS  ops=11 turns=4 tok=75330 68.1s
[2/64] task webarena.616 ...
    PASS  ops=30 turns=14 tok=573956 205.7s
[3/64] task webarena.617 ...
    ok  ops=22 turns=11 tok=437305 163.1s
[4/64] task webarena.618 ...
    PASS  ops=30 turns=12 tok=236773 154.1s
[5/64] task webarena.619 ...
    PASS  ops=30 turns=11 tok=254130 195.6s
[6/64] task webarena.620 ...
    PASS  ops=39 turns=12 tok=439169 354.6s
[7/64] task webarena.621 ...
    PASS  ops=19 turns=6 tok=146641 72.8s
[8/64] task webarena.622 ...
    PASS  ops=22 turns=9 tok=171211 101.2s
[9/64] task webarena.623 ...
    PASS  ops=27 turns=10 tok=224592 97.8s
[10/64] task webarena.624 ...
    PASS  ops=12 turns=5 tok=92866 66.6s
[11/64] task webarena.625 ...
    ok  ops=11 turns=6 tok=115968 77.8s
[12/64] task webarena.626 ...
    PASS  ops=12 turns=6 tok=153509 60.1s
[13/64] task webarena.627 ...
    PASS  ops=14 turns=5 tok=109843 62.8s
[14/64] task webarena.628 ...
    PASS  ops=12 turns=6 tok=112463 62.4s
[15/64] task webarena.629 ...
    PASS  ops=17 turns=6 tok=126503 82.9s
[16/64] task webarena.630 ...
    PASS  ops=26 turns=10 tok=197943 160.9s
[17/64] task webarena.631 ...
    PASS  ops=22 turns=8 tok=157944 76.3s
[18/64] task webarena.632 ...
    PASS  ops=15 turns=5 tok=111857 69.3s
[19/64] task webarena.633 ...
    PASS  ops=12 turns=4 tok=76154 58.0s
[20/64] task webarena.634 ...
    PASS  ops=13 turns=4 tok=75707 57.6s
[21/64] task webarena.635 ...
    PASS  ops=42 turns=7 tok=135043 230.3s
[22/64] task webarena.636 ...
    PASS  ops=20 turns=6 tok=127570 110.8s
[23/64] task webarena.637 ...
    PASS  ops=23 turns=6 tok=141396 83.3s
[24/64] task webarena.638 ...
    PASS  ops=23 turns=7 tok=181997 71.1s
[25/64] task webarena.639 ...
    PASS  ops=24 turns=10 tok=215468 122.7s
[26/64] task webarena.640 ...
    PASS  ops=23 turns=10 tok=209255 152.4s
[27/64] task webarena.641 ...
    PASS  ops=15 turns=7 tok=141176 114.8s
[28/64] task webarena.642 ...
    PASS  ops=33 turns=13 tok=290748 146.8s
[29/64] task webarena.643 ...
    PASS  ops=22 turns=8 tok=167381 146.1s
[30/64] task webarena.644 ...
    ok  ops=35 turns=8 tok=186936 250.8s
[31/64] task webarena.645 ...
    PASS  ops=15 turns=6 tok=126483 83.0s
[32/64] task webarena.646 ...
    ok  ops=48 turns=14 tok=427105 387.0s
[33/64] task webarena.647 ...
    PASS  ops=42 turns=8 tok=178240 292.2s
[34/64] task webarena.648 ...
    PASS  ops=41 turns=12 tok=345709 219.4s
[35/64] task webarena.649 ...
    PASS  ops=28 turns=10 tok=253440 144.7s
[36/64] task webarena.650 ...
    PASS  ops=17 turns=9 tok=257804 117.9s
[37/64] task webarena.651 ...
    PASS  ops=19 turns=5 tok=154876 123.3s
[38/64] task webarena.652 ...
    PASS  ops=5 turns=3 tok=39889 40.6s
[39/64] task webarena.66 ...
    ok  ops=32 turns=6 tok=129833 155.2s
[40/64] task webarena.67 ...
    ok  ops=30 turns=9 tok=220554 184.4s
[41/64] task webarena.68 ...
    ok  ops=50 turns=7 tok=182012 143.1s
[42/64] task webarena.69 ...
    PASS  ops=15 turns=5 tok=105473 133.0s
[43/64] task webarena.714 ...
    PASS  ops=31 turns=12 tok=320738 208.2s
[44/64] task webarena.715 ...
    PASS  ops=19 turns=10 tok=382775 200.0s
[45/64] task webarena.716 ...
    PASS  ops=8 turns=5 tok=105003 91.7s
[46/64] task webarena.717 ...
    PASS  ops=27 turns=11 tok=331883 137.7s
[47/64] task webarena.718 ...
    PASS  ops=42 turns=5 tok=107399 140.6s
[48/64] task webarena.719 ...
    PASS  ops=28 turns=10 tok=297251 127.4s
[49/64] task webarena.720 ...
    PASS  ops=36 turns=12 tok=347480 158.6s
[50/64] task webarena.721 ...
    PASS  ops=37 turns=9 tok=312356 179.7s
[51/64] task webarena.722 ...
    PASS  ops=13 turns=7 tok=157447 63.6s
[52/64] task webarena.723 ...
    ok  ops=51 turns=5 tok=118155 329.0s
[53/64] task webarena.724 ...
    PASS  ops=29 turns=10 tok=226529 174.2s
[54/64] task webarena.725 ...
    PASS  ops=19 turns=9 tok=230038 89.8s
[55/64] task webarena.726 ...
    ok  ops=26 turns=5 tok=111803 112.6s
[56/64] task webarena.727 ...
    PASS  ops=33 turns=12 tok=287441 217.9s
[57/64] task webarena.728 ...
    PASS  ops=41 turns=8 tok=300561 230.5s
[58/64] task webarena.729 ...
    PASS  ops=22 turns=9 tok=194265 168.4s
[59/64] task webarena.730 ...
    PASS  ops=39 turns=10 tok=176313 196.7s
[60/64] task webarena.731 ...
    PASS  ops=8 turns=4 tok=74693 62.4s
[61/64] task webarena.732 ...
    PASS  ops=16 turns=11 tok=265896 102.3s
[62/64] task webarena.733 ...
    PASS  ops=23 turns=8 tok=166506 91.9s
[63/64] task webarena.734 ...
    PASS  ops=15 turns=9 tok=159920 84.4s
[64/64] task webarena.735 ...
    PASS  ops=17 turns=8 tok=148166 63.4s
